// Vitest Snapshot v1, https://vitest.dev/guide/snapshot.html

exports[`DragAndDrop > renders properly 1`] = `
"<p data-v-6722d57b="" class="title">Drag and Drop List</p>
<button data-v-6722d57b="" disabled="" class="bar" draggable="true">btn</button>
<table data-v-6722d57b="" style="width: 100%;">
  <div><input type="text" name="t1" class="foo"><input type="text" name="t2" class="foo"></div>
  <tr>
    <th>TO DO</th>
    <th>IN PROGRESS</th>
    <th>QA READY</th>
    <th>QA</th>
    <th>RELEASE READY</th>
    <th>DONE</th>
  </tr>
  <tr data-v-6722d57b="" id="0" draggable="true" disabled="true">
    <td data-v-6722d57b="">first</td>
    <td data-v-6722d57b="">20</td>
  </tr>
  <tr data-v-6722d57b="" id="1" draggable="true" disabled="true">
    <td data-v-6722d57b="">second</td>
    <td data-v-6722d57b="">20</td>
  </tr>
  <tr data-v-6722d57b="" id="2" draggable="true" disabled="true">
    <td data-v-6722d57b="">third</td>
    <td data-v-6722d57b="">20</td>
  </tr>
  <tr data-v-6722d57b="" id="3" draggable="true" disabled="true">
    <td data-v-6722d57b="">fourth</td>
    <td data-v-6722d57b="">20</td>
  </tr>
</table>"
`;
