// Vitest Snapshot v1, https://vitest.dev/guide/snapshot.html

exports[`DragAndDrop > renders properly 1`] = `
"<p data-v-6722d57b="" class="title">Drag and Drop List</p>
<button data-v-6722d57b="" disabled="" class="bar" draggable="true">btn</button>
<table data-v-6722d57b="" style="width: 100%;">
  <div><input type="text" name="t1" class="foo"><input type="text" name="t2" class="foo"></div>
  <tr>
    <th>TO DO</th>
    <th>IN PROGRESS</th>
  </tr>
</table>"
`;
