// Vitest Snapshot v1, https://vitest.dev/guide/snapshot.html

exports[`Table Header > renders properly 1`] = `
"<div><input type="text" name="t1" class="foo"><input type="text" name="t2" class="foo"></div>
<tr>
  <th>TO DO</th>
  <th>IN PROGRESS</th>
  <th>QA READY</th>
  <th>QA</th>
  <th>RELEASE READY</th>
  <th>DONE</th>
</tr>"
`;
